     1 00000000                                 ;naskfunc
     2 00000000                                 
     3 00000000                                 [FORMAT "WCOFF"] ;オブジェクトファイル作成モード
     4 00000000                                 [INSTRSET "i486p"] ;486の命令も使いたい
     5 00000000                                 [BITS 32] ;32bitモードの機械語
     6 00000000                                 [FILE "naskfunc.nas] ;ソースファイル名
      >> [ERROR #002] parameter error.
     7 00000000                                 
     8 00000000                                     GLOBAL _io_hlt,_write_mem8 ;このプログラムに含まれる関数名
     9 00000000                                 
    10                                          [SECTION .text] ;
    11 00000000                                 
    12 00000000                                 _io_hlt: ; void io_hlt(void);
    13 00000000 F4                                  HLT
    14 00000001 C3                                  RET
    15 00000002                                 
    16 00000002                                 _write_mem8: ;void write_mem8(int addr,int data);
    17 00000002 8B 4C 24 04                         MOV ECX,[ESP+4] ;[ESP+4にaddrがあるのでecxによみこむ
    18 00000006 8A 44 24 08                         MOV AL,[ESP+8] ;[ESP+8]にdataがあるのでALに読み込む
    19 0000000A 88 01                               MOV [ECX],AL
    20 0000000C C3                                  RET
